
---
Problem:  038_flux_multi_head_rmsnorm_qk
Solution: r2-ldg256-os-r16
Workloads: 16
⠏ Compiling C++/CUDA solution...
Compilation failed
Traceback (most recent call last):
  File 
"/scratch/t95317ha/solx/venv/lib/python3.12/site-packages/torch/utils/cpp_extens
ion.py", line 2597, in _run_ninja_build
    subprocess.run(
  File 
"/net/scratch/t95317ha/solx/cache/uv-python/cpython-3.12.15-linux-x86_64-gnu/lib
/python3.12/subprocess.py", line 571, in run
    raise CalledProcessError(retcode, process.args,
subprocess.CalledProcessError: Command '['ninja', '-v']' returned non-zero exit 
status 255.

The above exception was the direct cause of the following exception:

Traceback (most recent call last):
  File "/tmp/slurm.22250500/sol_execbench_9ia2ud1t/build_ext.py", line 51, in 
<module>
    ext.load(
  File 
"/scratch/t95317ha/solx/venv/lib/python3.12/site-packages/torch/utils/cpp_extens
ion.py", line 1692, in load
    return _jit_compile(
           ^^^^^^^^^^^^^
  File 
"/scratch/t95317ha/solx/venv/lib/python3.12/site-packages/torch/utils/cpp_extens
ion.py", line 2134, in _jit_compile
    _write_ninja_file_and_build_library(
  File 
"/scratch/t95317ha/solx/venv/lib/python3.12/site-packages/torch/utils/cpp_extens
ion.py", line 2286, in _write_ninja_file_and_build_library
    _run_ninja_build(
  File 
"/scratch/t95317ha/solx/venv/lib/python3.12/site-packages/torch/utils/cpp_extens
ion.py", line 2614, in _run_ninja_build
    raise RuntimeError(message) from e
RuntimeError: Error building extension 'benchmark_kernel'
[W1007 17:40:58.963244024 AllocatorConfig.cpp:28] Warning: 
PYTORCH_CUDA_ALLOC_CONF is deprecated, use PYTORCH_ALLOC_CONF instead (function 
operator())

[1/2] /opt/apps/libs/nvidia-cuda/toolkit/12.8.1/bin/nvcc 
--generate-dependencies-with-compile --dependency-output kernel.cuda.o.d 
-DTORCH_EXTENSION_NAME=benchmark_kernel -DTORCH_API_INCLUDE_EXTENSION_H 
-I/tmp/slurm.22250500/sol_execbench_9ia2ud1t -I/usr/local/cutlass/include 
-I/usr/local/cutlass/tools/util/include -isystem 
/scratch/t95317ha/solx/venv/lib/python3.12/site-packages/torch/include -isystem 
/scratch/t95317ha/solx/venv/lib/python3.12/site-packages/torch/include/torch/csr
c/api/include -isystem /opt/apps/libs/nvidia-cuda/toolkit/12.8.1/include 
-isystem 
/net/scratch/t95317ha/solx/cache/uv-python/cpython-3.12.15-linux-x86_64-gnu/incl
ude/python3.12 -D__CUDA_NO_HALF_OPERATORS__ -D__CUDA_NO_HALF_CONVERSIONS__ 
-D__CUDA_NO_BFLOAT16_CONVERSIONS__ -D__CUDA_NO_HALF2_OPERATORS__ 
--expt-relaxed-constexpr --compiler-options '-fPIC' 
-gencode=arch=compute_100a,code=sm_100a -gencode=arch=compute_80,code=sm_80 -O3 
--use_fast_math -std=c++17 -c 
/tmp/slurm.22250500/sol_execbench_9ia2ud1t/kernel.cu -o kernel.cuda.o 
FAILED:  kernel.cuda.o 
/opt/apps/libs/nvidia-cuda/toolkit/12.8.1/bin/nvcc 
--generate-dependencies-with-compile --dependency-output kernel.cuda.o.d 
-DTORCH_EXTENSION_NAME=benchmark_kernel -DTORCH_API_INCLUDE_EXTENSION_H 
-I/tmp/slurm.22250500/sol_execbench_9ia2ud1t -I/usr/local/cutlass/include 
-I/usr/local/cutlass/tools/util/include -isystem 
/scratch/t95317ha/solx/venv/lib/python3.12/site-packages/torch/include -isystem 
/scratch/t95317ha/solx/venv/lib/python3.12/site-packages/torch/include/torch/csr
c/api/include -isystem /opt/apps/libs/nvidia-cuda/toolkit/12.8.1/include 
-isystem 
/net/scratch/t95317ha/solx/cache/uv-python/cpython-3.12.15-linux-x86_64-gnu/incl
ude/python3.12 -D__CUDA_NO_HALF_OPERATORS__ -D__CUDA_NO_HALF_CONVERSIONS__ 
-D__CUDA_NO_BFLOAT16_CONVERSIONS__ -D__CUDA_NO_HALF2_OPERATORS__ 
--expt-relaxed-constexpr --compiler-options '-fPIC' 
-gencode=arch=compute_100a,code=sm_100a -gencode=arch=compute_80,code=sm_80 -O3 
--use_fast_math -std=c++17 -c 
/tmp/slurm.22250500/sol_execbench_9ia2ud1t/kernel.cu -o kernel.cuda.o 
ptxas /tmp/slurm.22250500/tmpxft_00207933_00000000-7_kernel.compute_100a.ptx, 
line 88; error   : Illegal vector size: 8
ptxas /tmp/slurm.22250500/tmpxft_00207933_00000000-7_kernel.compute_100a.ptx, 
line 88; error   : Vector type too large, exceeds 128 bit limit
ptxas /tmp/slurm.22250500/tmpxft_00207933_00000000-7_kernel.compute_100a.ptx, 
line 91; error   : Illegal vector size: 8
ptxas /tmp/slurm.22250500/tmpxft_00207933_00000000-7_kernel.compute_100a.ptx, 
line 91; error   : Vector type too large, exceeds 128 bit limit
ptxas /tmp/slurm.22250500/tmpxft_00207933_00000000-7_kernel.compute_100a.ptx, 
line 136; error   : Illegal vector size: 8
ptxas /tmp/slurm.22250500/tmpxft_00207933_00000000-7_kernel.compute_100a.ptx, 
line 136; error   : Vector type too large, exceeds 128 bit limit
ptxas fatal   : Ptx assembly aborted due to errors
ninja: build stopped: subcommand failed.

