8,256: RUNTIME_ERROR
Timing failed: No timing results for methodology: cupti

---
Problem:  038_flux_multi_head_rmsnorm_qk
Solution: g2-os-r8w4
Workloads: 16
⠴ Evaluating 16 workload(s)...
Saved 16 traces to /tmp/tmpfxe3lgjl/work/g2-os-r8w4-2/trace.jsonl
                               Evaluation Results                               
┏━┳━━━━━━━━━━━━━━━━━━━┳━━━━━━━━━━━┳━━━━━━━━━━━┳━━━━━━━┳━━━━━━━━━━━━┳━━━━━━━━━━━┓
┃ ┃                   ┃   Latency ┃           ┃       ┃    Max Abs ┃   Max Rel ┃
┃ ┃ Status            ┃      (ms) ┃  Ref (ms) ┃ Spee… ┃        Err ┃       Err ┃
┡━╇━━━━━━━━━━━━━━━━━━━╇━━━━━━━━━━━╇━━━━━━━━━━━╇━━━━━━━╇━━━━━━━━━━━━╇━━━━━━━━━━━┩
│ │ PASSED            │     0.006 │     0.000 │ 0.00x │   1.91e-06 │  3.53e-07 │
├─┼───────────────────┼───────────┼───────────┼───────┼────────────┼───────────┤
│ │ PASSED            │     0.099 │     0.000 │ 0.00x │   1.91e-06 │  3.47e-07 │
├─┼───────────────────┼───────────┼───────────┼───────┼────────────┼───────────┤
│ │ PASSED            │     0.063 │     0.000 │ 0.00x │   1.91e-06 │  3.43e-07 │
├─┼───────────────────┼───────────┼───────────┼───────┼────────────┼───────────┤
│ │ PASSED            │     0.093 │     0.000 │ 0.00x │   2.86e-06 │  3.41e-07 │
├─┼───────────────────┼───────────┼───────────┼───────┼────────────┼───────────┤
│ │ PASSED            │     0.018 │     0.000 │ 0.00x │   2.86e-06 │  3.31e-07 │
├─┼───────────────────┼───────────┼───────────┼───────┼────────────┼───────────┤
│ │ PASSED            │     0.011 │     0.000 │ 0.00x │   1.91e-06 │  3.46e-07 │
├─┼───────────────────┼───────────┼───────────┼───────┼────────────┼───────────┤
│ │ PASSED            │     0.062 │     0.000 │ 0.00x │   2.86e-06 │  3.40e-07 │
├─┼───────────────────┼───────────┼───────────┼───────┼────────────┼───────────┤
│ │ PASSED            │     0.018 │     0.000 │ 0.00x │   2.86e-06 │  3.34e-07 │
├─┼───────────────────┼───────────┼───────────┼───────┼────────────┼───────────┤
│ │ PASSED            │     0.017 │     0.000 │ 0.00x │   1.91e-06 │  3.41e-07 │
├─┼───────────────────┼───────────┼───────────┼───────┼────────────┼───────────┤
│ │ PASSED            │     0.004 │     0.000 │ 0.00x │   1.91e-06 │  3.33e-07 │
├─┼───────────────────┼───────────┼───────────┼───────┼────────────┼───────────┤
│ │ PASSED            │     0.062 │     0.000 │ 0.00x │   2.86e-06 │  3.45e-07 │
├─┼───────────────────┼───────────┼───────────┼───────┼────────────┼───────────┤
│ │ PASSED            │     0.033 │     0.000 │ 0.00x │   1.91e-06 │  3.32e-07 │
├─┼───────────────────┼───────────┼───────────┼───────┼────────────┼───────────┤
│ │ PASSED            │     0.004 │     0.000 │ 0.00x │   1.91e-06 │  3.32e-07 │
├─┼───────────────────┼───────────┼───────────┼───────┼────────────┼───────────┤
│ │ RUNTIME_ERROR     │           │           │       │            │           │
├─┼───────────────────┼───────────┼───────────┼───────┼────────────┼───────────┤
│ │ PASSED            │     0.122 │     0.000 │ 0.00x │   2.86e-06 │  3.48e-07 │
├─┼───────────────────┼───────────┼───────────┼───────┼────────────┼───────────┤
│ │ PASSED            │     0.006 │     0.000 │ 0.00x │   1.91e-06 │  3.05e-07 │
└─┴───────────────────┴───────────┴───────────┴───────┴────────────┴───────────┘

15/16 workloads passed

Runtime logs (1):

Workload 13 (RUNTIME_ERROR):
Timing failed: No timing results for methodology: cupti