1,131: RUNTIME_ERROR
Timing failed: No timing results for methodology: cupti

---
Problem:  038_flux_multi_head_rmsnorm_qk
Solution: r2-ldg256-os-r16
Workloads: 16
⠴ Compiling C++/CUDA solution...
Compilation succeeded
⠇ Evaluating 16 workload(s)...
Saved 16 traces to /tmp/tmpd50tq8bu/work/r2-ldg256-os-r16-2/trace.jsonl
                               Evaluation Results                               
┏━┳━━━━━━━━━━━━━━━━━━━┳━━━━━━━━━━━┳━━━━━━━━━━━┳━━━━━━━┳━━━━━━━━━━━━┳━━━━━━━━━━━┓
┃ ┃                   ┃   Latency ┃           ┃       ┃    Max Abs ┃   Max Rel ┃
┃ ┃ Status            ┃      (ms) ┃  Ref (ms) ┃ Spee… ┃        Err ┃       Err ┃
┡━╇━━━━━━━━━━━━━━━━━━━╇━━━━━━━━━━━╇━━━━━━━━━━━╇━━━━━━━╇━━━━━━━━━━━━╇━━━━━━━━━━━┩
│ │ PASSED            │     0.006 │     0.000 │ 0.00x │   2.86e-06 │  3.27e-07 │
├─┼───────────────────┼───────────┼───────────┼───────┼────────────┼───────────┤
│ │ PASSED            │     0.098 │     0.000 │ 0.00x │   1.91e-06 │  3.42e-07 │
├─┼───────────────────┼───────────┼───────────┼───────┼────────────┼───────────┤
│ │ PASSED            │     0.063 │     0.000 │ 0.00x │   1.91e-06 │  3.37e-07 │
├─┼───────────────────┼───────────┼───────────┼───────┼────────────┼───────────┤
│ │ PASSED            │     0.093 │     0.000 │ 0.00x │   2.86e-06 │  3.39e-07 │
├─┼───────────────────┼───────────┼───────────┼───────┼────────────┼───────────┤
│ │ PASSED            │     0.018 │     0.000 │ 0.00x │   1.91e-06 │  3.32e-07 │
├─┼───────────────────┼───────────┼───────────┼───────┼────────────┼───────────┤
│ │ PASSED            │     0.011 │     0.000 │ 0.00x │   1.91e-06 │  3.39e-07 │
├─┼───────────────────┼───────────┼───────────┼───────┼────────────┼───────────┤
│ │ PASSED            │     0.062 │     0.000 │ 0.00x │   2.86e-06 │  3.46e-07 │
├─┼───────────────────┼───────────┼───────────┼───────┼────────────┼───────────┤
│ │ PASSED            │     0.018 │     0.000 │ 0.00x │   1.91e-06 │  3.26e-07 │
├─┼───────────────────┼───────────┼───────────┼───────┼────────────┼───────────┤
│ │ PASSED            │     0.018 │     0.000 │ 0.00x │   1.91e-06 │  3.41e-07 │
├─┼───────────────────┼───────────┼───────────┼───────┼────────────┼───────────┤
│ │ PASSED            │     0.004 │     0.000 │ 0.00x │   1.91e-06 │  3.12e-07 │
├─┼───────────────────┼───────────┼───────────┼───────┼────────────┼───────────┤
│ │ PASSED            │     0.062 │     0.000 │ 0.00x │   2.86e-06 │  3.38e-07 │
├─┼───────────────────┼───────────┼───────────┼───────┼────────────┼───────────┤
│ │ PASSED            │     0.032 │     0.000 │ 0.00x │   1.91e-06 │  3.40e-07 │
├─┼───────────────────┼───────────┼───────────┼───────┼────────────┼───────────┤
│ │ RUNTIME_ERROR     │           │           │       │            │           │
├─┼───────────────────┼───────────┼───────────┼───────┼────────────┼───────────┤
│ │ PASSED            │     0.032 │     0.000 │ 0.00x │   1.91e-06 │  3.40e-07 │
├─┼───────────────────┼───────────┼───────────┼───────┼────────────┼───────────┤
│ │ PASSED            │     0.121 │     0.000 │ 0.00x │   2.86e-06 │  3.39e-07 │
├─┼───────────────────┼───────────┼───────────┼───────┼────────────┼───────────┤
│ │ PASSED            │     0.007 │     0.000 │ 0.00x │   1.91e-06 │  3.11e-07 │
└─┴───────────────────┴───────────┴───────────┴───────┴────────────┴───────────┘

15/16 workloads passed

Runtime logs (1):

Workload 12 (RUNTIME_ERROR):
Timing failed: No timing results for methodology: cupti