4,1657: RUNTIME_ERROR
Timing failed: No timing results for methodology: cupti

---
Problem:  038_flux_multi_head_rmsnorm_qk
Solution: r9-xo-spf-l2mode-disp
Workloads: 16
⠹ Compiling C++/CUDA solution...
Compilation succeeded
⠇ Evaluating 16 workload(s)...
Saved 16 traces to /tmp/tmp_hb8b6to/work/r9-xo-spf-l2mode-disp-2/trace.jsonl
                               Evaluation Results                               
┏━┳━━━━━━━━━━━━━━━━━━━┳━━━━━━━━━━━┳━━━━━━━━━━━┳━━━━━━━┳━━━━━━━━━━━━┳━━━━━━━━━━━┓
┃ ┃                   ┃   Latency ┃           ┃       ┃    Max Abs ┃   Max Rel ┃
┃ ┃ Status            ┃      (ms) ┃  Ref (ms) ┃ Spee… ┃        Err ┃       Err ┃
┡━╇━━━━━━━━━━━━━━━━━━━╇━━━━━━━━━━━╇━━━━━━━━━━━╇━━━━━━━╇━━━━━━━━━━━━╇━━━━━━━━━━━┩
│ │ PASSED            │     0.005 │     0.000 │ 0.00x │   2.86e-06 │  3.27e-07 │
├─┼───────────────────┼───────────┼───────────┼───────┼────────────┼───────────┤
│ │ RUNTIME_ERROR     │           │           │       │            │           │
├─┼───────────────────┼───────────┼───────────┼───────┼────────────┼───────────┤
│ │ PASSED            │     0.058 │     0.000 │ 0.00x │   1.91e-06 │  3.37e-07 │
├─┼───────────────────┼───────────┼───────────┼───────┼────────────┼───────────┤
│ │ PASSED            │     0.086 │     0.000 │ 0.00x │   2.86e-06 │  3.39e-07 │
├─┼───────────────────┼───────────┼───────────┼───────┼────────────┼───────────┤
│ │ PASSED            │     0.014 │     0.000 │ 0.00x │   1.91e-06 │  3.32e-07 │
├─┼───────────────────┼───────────┼───────────┼───────┼────────────┼───────────┤
│ │ PASSED            │     0.009 │     0.000 │ 0.00x │   1.91e-06 │  3.39e-07 │
├─┼───────────────────┼───────────┼───────────┼───────┼────────────┼───────────┤
│ │ PASSED            │     0.058 │     0.000 │ 0.00x │   2.86e-06 │  3.46e-07 │
├─┼───────────────────┼───────────┼───────────┼───────┼────────────┼───────────┤
│ │ PASSED            │     0.015 │     0.000 │ 0.00x │   1.91e-06 │  3.26e-07 │
├─┼───────────────────┼───────────┼───────────┼───────┼────────────┼───────────┤
│ │ PASSED            │     0.014 │     0.000 │ 0.00x │   1.91e-06 │  3.41e-07 │
├─┼───────────────────┼───────────┼───────────┼───────┼────────────┼───────────┤
│ │ PASSED            │     0.004 │     0.000 │ 0.00x │   1.91e-06 │  3.12e-07 │
├─┼───────────────────┼───────────┼───────────┼───────┼────────────┼───────────┤
│ │ PASSED            │     0.058 │     0.000 │ 0.00x │   2.86e-06 │  3.38e-07 │
├─┼───────────────────┼───────────┼───────────┼───────┼────────────┼───────────┤
│ │ PASSED            │     0.028 │     0.000 │ 0.00x │   1.91e-06 │  3.40e-07 │
├─┼───────────────────┼───────────┼───────────┼───────┼────────────┼───────────┤
│ │ PASSED            │     0.004 │     0.000 │ 0.00x │   1.91e-06 │  3.19e-07 │
├─┼───────────────────┼───────────┼───────────┼───────┼────────────┼───────────┤
│ │ PASSED            │     0.028 │     0.000 │ 0.00x │   1.91e-06 │  3.40e-07 │
├─┼───────────────────┼───────────┼───────────┼───────┼────────────┼───────────┤
│ │ PASSED            │     0.115 │     0.000 │ 0.00x │   2.86e-06 │  3.39e-07 │
├─┼───────────────────┼───────────┼───────────┼───────┼────────────┼───────────┤
│ │ PASSED            │     0.005 │     0.000 │ 0.00x │   1.91e-06 │  3.11e-07 │
└─┴───────────────────┴───────────┴───────────┴───────┴────────────┴───────────┘

15/16 workloads passed

Runtime logs (1):

Workload 1 (RUNTIME_ERROR):
Timing failed: No timing results for methodology: cupti