1,256: RUNTIME_ERROR
Timing failed: No timing results for methodology: cupti

---
Problem:  038_flux_multi_head_rmsnorm_qk
Solution: r7-ldg256-l2pf-mdisp
Workloads: 16
⠸ Compiling C++/CUDA solution...
Compilation succeeded
⠙ Evaluating 16 workload(s)...
Saved 16 traces to /tmp/tmpa_4h59pz/work/r7-ldg256-l2pf-mdisp-1/trace.jsonl
                               Evaluation Results                               
┏━┳━━━━━━━━━━━━━━━━━━━┳━━━━━━━━━━━┳━━━━━━━━━━━┳━━━━━━━┳━━━━━━━━━━━━┳━━━━━━━━━━━┓
┃ ┃                   ┃   Latency ┃           ┃       ┃    Max Abs ┃   Max Rel ┃
┃ ┃ Status            ┃      (ms) ┃  Ref (ms) ┃ Spee… ┃        Err ┃       Err ┃
┡━╇━━━━━━━━━━━━━━━━━━━╇━━━━━━━━━━━╇━━━━━━━━━━━╇━━━━━━━╇━━━━━━━━━━━━╇━━━━━━━━━━━┩
│ │ PASSED            │     0.005 │     0.000 │ 0.00x │   2.86e-06 │  3.27e-07 │
├─┼───────────────────┼───────────┼───────────┼───────┼────────────┼───────────┤
│ │ PASSED            │     0.093 │     0.000 │ 0.00x │   1.91e-06 │  3.42e-07 │
├─┼───────────────────┼───────────┼───────────┼───────┼────────────┼───────────┤
│ │ PASSED            │     0.058 │     0.000 │ 0.00x │   1.91e-06 │  3.37e-07 │
├─┼───────────────────┼───────────┼───────────┼───────┼────────────┼───────────┤
│ │ PASSED            │     0.087 │     0.000 │ 0.00x │   2.86e-06 │  3.39e-07 │
├─┼───────────────────┼───────────┼───────────┼───────┼────────────┼───────────┤
│ │ PASSED            │     0.014 │     0.000 │ 0.00x │   1.91e-06 │  3.32e-07 │
├─┼───────────────────┼───────────┼───────────┼───────┼────────────┼───────────┤
│ │ PASSED            │     0.009 │     0.000 │ 0.00x │   1.91e-06 │  3.39e-07 │
├─┼───────────────────┼───────────┼───────────┼───────┼────────────┼───────────┤
│ │ PASSED            │     0.058 │     0.000 │ 0.00x │   2.86e-06 │  3.46e-07 │
├─┼───────────────────┼───────────┼───────────┼───────┼────────────┼───────────┤
│ │ PASSED            │     0.014 │     0.000 │ 0.00x │   1.91e-06 │  3.26e-07 │
├─┼───────────────────┼───────────┼───────────┼───────┼────────────┼───────────┤
│ │ PASSED            │     0.014 │     0.000 │ 0.00x │   1.91e-06 │  3.41e-07 │
├─┼───────────────────┼───────────┼───────────┼───────┼────────────┼───────────┤
│ │ PASSED            │     0.004 │     0.000 │ 0.00x │   1.91e-06 │  3.12e-07 │
├─┼───────────────────┼───────────┼───────────┼───────┼────────────┼───────────┤
│ │ PASSED            │     0.058 │     0.000 │ 0.00x │   2.86e-06 │  3.38e-07 │
├─┼───────────────────┼───────────┼───────────┼───────┼────────────┼───────────┤
│ │ PASSED            │     0.028 │     0.000 │ 0.00x │   1.91e-06 │  3.40e-07 │
├─┼───────────────────┼───────────┼───────────┼───────┼────────────┼───────────┤
│ │ PASSED            │     0.004 │     0.000 │ 0.00x │   1.91e-06 │  3.19e-07 │
├─┼───────────────────┼───────────┼───────────┼───────┼────────────┼───────────┤
│ │ PASSED            │     0.029 │     0.000 │ 0.00x │   1.91e-06 │  3.40e-07 │
├─┼───────────────────┼───────────┼───────────┼───────┼────────────┼───────────┤
│ │ PASSED            │     0.115 │     0.000 │ 0.00x │   2.86e-06 │  3.39e-07 │
├─┼───────────────────┼───────────┼───────────┼───────┼────────────┼───────────┤
│ │ RUNTIME_ERROR     │           │           │       │            │           │
└─┴───────────────────┴───────────┴───────────┴───────┴────────────┴───────────┘

15/16 workloads passed

Runtime logs (1):

Workload 15 (RUNTIME_ERROR):
Timing failed: No timing results for methodology: cupti